------------------------------------------------
Starting at Sat Sep 9 11:56:40 WEDT 2023
------------------------------------------------


Setting Version

------------------------------------------------
Starting at Sat, Sep 9, 2023 12:33:04 PM
------------------------------------------------

Setting Version
Setting Version - Done
Updating Changelog
Updating Changelog - Done
Making local Release
Making local Release - Done
Pushing Release to Github
Pushing Release to Github - Done

------------------------------------------------
Starting at Sat, Sep 9, 2023 12:37:32 PM
------------------------------------------------

Setting Version
Setting Version - Done
Updating Changelog
Updating Changelog - Done
Making local Release
Making local Release - Done
Pushing Release to Github
Pushing Release to Github - Done

------------------------------------------------
Starting at Sat, Sep 9, 2023 12:50:21 PM
------------------------------------------------

Setting Version
Setting Version - Done
Updating Changelog
Updating Changelog - Done
Making local Release
Making local Release - Done
Pushing Release to Github
Pushing Release to Github - Done

------------------------------------------------
Starting at Sat, Sep 9, 2023 12:51:19 PM
------------------------------------------------

Setting Version
Setting Version - Done
Updating Changelog
Updating Changelog - Done
Making local Release
Making local Release - Done
Pushing Release to Github
Pushing Release to Github - Done
Updating Reapack Repository
Updating Reapack Repository - Done

------------------------------------------------
Starting at Sat, Sep 9, 2023 12:57:16 PM
------------------------------------------------

Setting Version
Setting Version - Done
Updating Changelog

------------------------------------------------
Starting at Sat, Sep 9, 2023 12:57:38 PM
------------------------------------------------

Setting Version
Setting Version - Done
Updating Changelog

------------------------------------------------
Starting at Sat, Sep 9, 2023 12:57:51 PM
------------------------------------------------

Setting Version
Setting Version - Done
Updating Changelog

------------------------------------------------
Starting at Sat, Sep 9, 2023 12:58:55 PM
------------------------------------------------

Setting Version
Setting Version - Done
Updating Changelog
Updating Changelog - Done
Making local Release
Making local Release - Done
Pushing Release to Github
Pushing Release to Github - Done
Updating Reapack Repository
Updating Reapack Repository - Done

------------------------------------------------
Starting at Sat, Sep 9, 2023 1:08:34 PM
------------------------------------------------

Setting Version
Setting Version - Done
Updating Changelog
Updating Changelog - Done
Making local Release
Making local Release - Done
Pushing Release to Github
Pushing Release to Github - Done
Updating Reapack Repository
Updating Reapack Repository - Done

------------------------------------------------
Starting at Sat, Sep 9, 2023 1:30:14 PM
------------------------------------------------

Setting Version
Setting Version - Done
Updating Changelog
Updating Changelog - Done
Making local Release
Making local Release - Done

------------------------------------------------
Starting at Sat, Sep 9, 2023 1:45:43 PM
------------------------------------------------

Setting Version
Setting Version - Done
Updating Changelog
Updating Changelog - Done
Making local Release
Making local Release - Done

------------------------------------------------
Starting at Sat, Sep 9, 2023 1:56:31 PM
------------------------------------------------

Setting Version
Setting Version - Done
Updating Changelog
Updating Changelog - Done
Making local Release
Making local Release - Done

------------------------------------------------
Starting at Sat, Sep 9, 2023 2:02:59 PM
------------------------------------------------

Setting Version
Setting Version - Done
Updating Changelog
Updating Changelog - Done
Making local Release
Making local Release - Done

------------------------------------------------
Starting at Sat, Sep 9, 2023 2:06:14 PM
------------------------------------------------

Setting Version
Setting Version - Done
Updating Changelog
Updating Changelog - Done
Making local Release
Making local Release - Done
Pushing Release to Github
Pushing Release to Github - Done

------------------------------------------------
Starting at Sat, Sep 9, 2023 2:30:23 PM
------------------------------------------------

Setting Version
Setting Version - Done
Updating Changelog
Updating Changelog - Done
Making local Release
Making local Release - Done
Pushing Release to Github
Pushing Release to Github - Done

------------------------------------------------
Starting at Sat, Sep 9, 2023 2:36:48 PM
------------------------------------------------

Setting Version
Setting Version - Done
Updating Changelog
Updating Changelog - Done
Making local Release
Making local Release - Done
Pushing Release to Github
Pushing Release to Github - Done
Updating Reapack Repository

------------------------------------------------
Starting at Sat, Sep 9, 2023 2:51:21 PM
------------------------------------------------

Setting Version
Setting Version - Done
Updating Changelog
Updating Changelog - Done
Making local Release
Making local Release - Done
Pushing Release to Github
Pushing Release to Github - Done
Updating Reapack Repository
Updating Reapack Repository - Done

------------------------------------------------
Starting at Sat, Sep 9, 2023 3:01:04 PM
------------------------------------------------

Setting Version
Setting Version - Done
Updating Changelog
Updating Changelog - Done
Making local Release
Making local Release - Done
Pushing Release to Github

------------------------------------------------
Starting at Sat, Sep 9, 2023 3:04:50 PM
------------------------------------------------

Setting Version
Setting Version - Done
Updating Changelog
Updating Changelog - Done
Making local Release
Making local Release - Done

------------------------------------------------
Starting at Sat, Sep 9, 2023 3:07:14 PM
------------------------------------------------

Setting Version
Setting Version - Done
Updating Changelog
Updating Changelog - Done
Making local Release
Making local Release - Done

------------------------------------------------
Starting at Sat, Sep 9, 2023 3:08:14 PM
------------------------------------------------

Setting Version
Setting Version - Done
Updating Changelog
Updating Changelog - Done
Making local Release

------------------------------------------------
Starting at Sat, Sep 9, 2023 3:09:24 PM
------------------------------------------------

Setting Version
Setting Version - Done
Updating Changelog
Updating Changelog - Done
Making local Release
Making local Release - Done
Pushing Release to Github

------------------------------------------------
Starting at Sat, Sep 9, 2023 3:11:23 PM
------------------------------------------------

Setting Version
Setting Version - Done
Updating Changelog
Updating Changelog - Done
Making local Release
Making local Release - Done
Pushing Release to Github
Pushing Release to Github - Done
Updating Reapack Repository

------------------------------------------------
Starting at Sat, Sep 9, 2023 3:21:12 PM
------------------------------------------------

Setting Version
Setting Version - Done
Updating Changelog
Updating Changelog - Done
Making local Release
Making local Release - Done
Pushing Release to Github
Pushing Release to Github - Done
Updating Reapack Repository

------------------------------------------------
Starting at Sat, Sep 9, 2023 3:32:33 PM
------------------------------------------------

Setting Version
Setting Version - Done
Updating Changelog
Updating Changelog - Done

------------------------------------------------
Starting at Sat, Sep 9, 2023 3:33:41 PM
------------------------------------------------

Setting Version
Setting Version - Done
Updating Changelog

------------------------------------------------
Starting at Sat, Sep 9, 2023 3:34:32 PM
------------------------------------------------

Setting Version
Setting Version - Done
Updating Changelog
Updating Changelog - Done
Making local Release
Making local Release - Done
Pushing Release to Github
Pushing Release to Github - Done
Updating Reapack Repository
Updating Reapack Repository - Done

------------------------------------------------
Starting at Sat, Sep 9, 2023 3:48:49 PM
------------------------------------------------

Setting Version
Setting Version - Done
Updating Changelog
Updating Changelog - Done
Making local Release
Making local Release - Done
Pushing Release to Github
Pushing Release to Github - Done
Updating Reapack Repository
Updating Reapack Repository - Done

------------------------------------------------
Starting at Sat, Sep 9, 2023 3:54:36 PM
------------------------------------------------

Setting Version
Setting Version - Done
Updating Changelog
Updating Changelog - Done
Making local Release
Making local Release - Done
Pushing Release to Github
Pushing Release to Github - Done
Updating Reapack Repository
Updating Reapack Repository - Done

------------------------------------------------
Starting at Sat, Sep 9, 2023 3:57:50 PM
------------------------------------------------

Setting Version
Setting Version - Done
Updating Changelog
Updating Changelog - Done
Making local Release
Making local Release - Done

------------------------------------------------
Starting at Sat, Sep 9, 2023 3:59:27 PM
------------------------------------------------

Setting Version
Setting Version - Done
Updating Changelog
Updating Changelog - Done
Making local Release
Making local Release - Done
Pushing Release to Github
Pushing Release to Github - Done
Updating Reapack Repository
Updating Reapack Repository - Done

------------------------------------------------
Starting at Sat, Sep 9, 2023 4:08:47 PM
------------------------------------------------

Setting Version
Setting Version - Done
Updating Changelog
Updating Changelog - Done
Making local Release
Making local Release - Done
Pushing Release to Github
Pushing Release to Github - Done
Updating Reapack Repository
Updating Reapack Repository - Done

------------------------------------------------
Starting at Sat, Sep 9, 2023 4:12:06 PM
------------------------------------------------

Setting Version
Setting Version - Done
Updating Changelog
Updating Changelog - Done
Making local Release
Making local Release - Done
Pushing Release to Github

------------------------------------------------
Starting at Sat, Sep 9, 2023 4:21:04 PM
------------------------------------------------

Setting Version
Setting Version - Done
Updating Changelog
Updating Changelog - Done
Making local Release
Making local Release - Done
Pushing Release to Github
Pushing Release to Github - Done
Updating Reapack Repository
Updating Reapack Repository - Done

------------------------------------------------
Starting at Sat, Sep 9, 2023 4:34:21 PM
------------------------------------------------

Setting Version
Setting Version - Done
Updating Changelog
Updating Changelog - Done
Making local Release
Making local Release - Done

------------------------------------------------
Starting at Sat, Sep 9, 2023 4:37:41 PM
------------------------------------------------

Setting Version
Setting Version - Done
Updating Changelog
Updating Changelog - Done
Making local Release
Making local Release - Done

------------------------------------------------
Starting at Sat, Sep 9, 2023 4:39:03 PM
------------------------------------------------

Setting Version
Setting Version - Done
Updating Changelog
Updating Changelog - Done
Making local Release
Making local Release - Done

------------------------------------------------
Starting at Sat, Sep 9, 2023 4:39:45 PM
------------------------------------------------

Setting Version
Setting Version - Done
Updating Changelog
Updating Changelog - Done
Making local Release
Making local Release - Done

------------------------------------------------
Starting at Sat, Sep 9, 2023 4:40:31 PM
------------------------------------------------

Setting Version
Setting Version - Done
Updating Changelog
Updating Changelog - Done
Making local Release
Making local Release - Done

------------------------------------------------
Starting at Sat, Sep 9, 2023 4:41:52 PM
------------------------------------------------

Setting Version
Setting Version - Done
Updating Changelog
Updating Changelog - Done
Making local Release
Making local Release - Done

------------------------------------------------
Starting at Sat, Sep 9, 2023 4:43:15 PM
------------------------------------------------

Setting Version
Setting Version - Done
Updating Changelog
Updating Changelog - Done

------------------------------------------------
Starting at Sat, Sep 9, 2023 4:43:22 PM
------------------------------------------------

Setting Version
Setting Version - Done
Updating Changelog
Updating Changelog - Done
Making local Release
Making local Release - Done

------------------------------------------------
Starting at Sat, Sep 9, 2023 4:43:59 PM
------------------------------------------------

Setting Version
Setting Version - Done
Updating Changelog
Updating Changelog - Done
Making local Release
Making local Release - Done

------------------------------------------------
Starting at Sat, Sep 9, 2023 4:46:14 PM
------------------------------------------------

Setting Version
Setting Version - Done
Updating Changelog
Updating Changelog - Done
Making local Release
Making local Release - Done
Pushing Release to Github
Pushing Release to Github - Done
Updating Reapack Repository
Updating Reapack Repository - Done

------------------------------------------------
Starting at Sat, Sep 9, 2023 5:05:07 PM
------------------------------------------------

Setting Version
Setting Version - Done
Updating Changelog
Updating Changelog - Done
Making local Release

------------------------------------------------
Starting at Sat Sep 9 17:07:08 WEDT 2023
------------------------------------------------

Setting Version
Setting Version - Done
Updating Changelog
Updating Changelog - Done
Making local Release
Making local Release - Done

------------------------------------------------
Starting at Sat Sep 9 17:12:01 WEDT 2023
------------------------------------------------

Setting Version
Setting Version - Done
Updating Changelog
Updating Changelog - Done
Making local Release
Making local Release - Done
Pushing Release to Github
Pushing Release to Github - Done

------------------------------------------------
Starting at Sat Sep 9 17:13:10 WEDT 2023
------------------------------------------------

Setting Version
Setting Version - Done
Updating Changelog
Updating Changelog - Done
Making local Release
Making local Release - Done
Pushing Release to Github
Pushing Release to Github - Done
Updating Reapack Repository
Updating Reapack Repository - Done

------------------------------------------------
Starting at Sat Sep 9 17:15:15 WEDT 2023
------------------------------------------------

Setting Version
Setting Version - Done
Updating Changelog
Updating Changelog - Done
Making local Release
Making local Release - Done
Pushing Release to Github
Pushing Release to Github - Done

------------------------------------------------
Starting at Sat, Sep 9, 2023 5:20:36 PM
------------------------------------------------

Setting Version
Setting Version - Done
Updating Changelog
Updating Changelog - Done
Making local Release
Making local Release - Done
Pushing Release to Github
Pushing Release to Github - Done
Updating Reapack Repository
Updating Reapack Repository - Done

------------------------------------------------
Starting at Sat, Sep 9, 2023 5:25:03 PM
------------------------------------------------

Setting Version
Setting Version - Done
Updating Changelog
Updating Changelog - Done
Making local Release
Making local Release - Done
Pushing Release to Github
Pushing Release to Github - Done
Updating Reapack Repository
Updating Reapack Repository - Done

------------------------------------------------
Starting at Sat, Sep 9, 2023 5:27:41 PM
------------------------------------------------

Setting Version
Setting Version - Done
Updating Changelog
Updating Changelog - Done
Making local Release
Making local Release - Done
Pushing Release to Github
Pushing Release to Github - Done
Updating Reapack Repository
Updating Reapack Repository - Done

------------------------------------------------
Starting at Sat, Sep 9, 2023 5:30:42 PM
------------------------------------------------

Setting Version
Setting Version - Done
Updating Changelog
Updating Changelog - Done
Making local Release
Making local Release - Done
Pushing Release to Github
Pushing Release to Github - Done
Updating Reapack Repository
Updating Reapack Repository - Done

------------------------------------------------
Starting at Sat Sep 9 18:58:08 WEDT 2023
------------------------------------------------

Setting Version
Setting Version - Done
Updating Changelog
Updating Changelog - Done
Making local Release
Making local Release - Done
Pushing Release to Github
Pushing Release to Github - Done
Updating Reapack Repository
Updating Reapack Repository - Done

------------------------------------------------
Starting at Sat, Sep 9, 2023 7:08:43 PM
------------------------------------------------

Setting Version
Setting Version - Done
Updating Changelog
Updating Changelog - Done
Making local Release
Making local Release - Done
Pushing Release to Github
Pushing Release to Github - Done
Updating Reapack Repository
Updating Reapack Repository - Done

------------------------------------------------
Starting at Sun Sep 10 00:40:49 WEDT 2023
------------------------------------------------

Setting Version
Setting Version - Done
Updating Changelog
Updating Changelog - Done
Making local Release
Making local Release - Done
Pushing Release to Github
Pushing Release to Github - Done
Updating Reapack Repository
Updating Reapack Repository - Done

------------------------------------------------
Starting at Sun Sep 10 00:46:45 WEDT 2023
------------------------------------------------

Setting Version
Setting Version - Done
Updating Changelog
Updating Changelog - Done
Making local Release
Making local Release - Done
Pushing Release to Github
Pushing Release to Github - Done
Updating Reapack Repository
Updating Reapack Repository - Done

------------------------------------------------
Starting at Sun Sep 10 00:50:00 WEDT 2023
------------------------------------------------

Setting Version
Setting Version - Done
Updating Changelog

------------------------------------------------
Starting at Sun Sep 10 00:52:45 WEDT 2023
------------------------------------------------

Setting Version
Setting Version - Done
Updating Changelog
Updating Changelog - Done
Making local Release
Making local Release - Done
Pushing Release to Github
Pushing Release to Github - Done
Updating Reapack Repository
Updating Reapack Repository - Done

------------------------------------------------
Starting at Sun Sep 10 00:55:29 WEDT 2023
------------------------------------------------

Setting Version
Setting Version - Done
Updating Changelog
Updating Changelog - Done
Making local Release
Making local Release - Done
Pushing Release to Github

------------------------------------------------
Starting at Sun Sep 10 10:59:18 WEDT 2023
------------------------------------------------

Setting Version
Setting Version - Done
Updating Changelog
Updating Changelog - Done
Making local Release
Making local Release - Done

------------------------------------------------
Starting at Sun Sep 10 11:03:20 WEDT 2023
------------------------------------------------

Setting Version
Setting Version - Done
Updating Changelog
Updating Changelog - Done
Making local Release
Making local Release - Done
Pushing Release to Github
Pushing Release to Github - Done

------------------------------------------------
Starting at Sun Sep 10 11:05:48 WEDT 2023
------------------------------------------------

Setting Version
Setting Version - Done
Updating Changelog
Updating Changelog - Done
Making local Release
Making local Release - Done
Pushing Release to Github
Pushing Release to Github - Done

------------------------------------------------
Starting at Sun Sep 10 11:13:48 WEDT 2023
------------------------------------------------

Setting Version
Setting Version - Done
Updating Changelog
Updating Changelog - Done
Making local Release
Making local Release - Done
Pushing Release to Github
Pushing Release to Github - Done
Updating Reapack Repository
Updating Reapack Repository - Done

------------------------------------------------
Starting at Sun Sep 10 11:24:48 WEDT 2023
------------------------------------------------

Setting Version
Setting Version - Done
Updating Changelog
Updating Changelog - Done
Making local Release
Making local Release - Done
Pushing Release to Github

------------------------------------------------
Starting at Sun Sep 10 11:27:14 WEDT 2023
------------------------------------------------

Setting Version
Setting Version - Done
Updating Changelog
Updating Changelog - Done
Making local Release
Making local Release - Done
Pushing Release to Github
Pushing Release to Github - Done
Updating Reapack Repository
Updating Reapack Repository - Done

------------------------------------------------
Starting at Sun Sep 10 11:31:35 WEDT 2023
------------------------------------------------

Setting Version
Setting Version - Done
Updating Changelog
Updating Changelog - Done
Making local Release
Making local Release - Done
Pushing Release to Github
Pushing Release to Github - Done
Updating Reapack Repository
Updating Reapack Repository - Done
Pushing Release to Github - Done
Updating Reapack Repository
Updating Reapack Repository - Done

------------------------------------------------
Starting at Sun, Sep 10, 2023 11:57:37 AM
------------------------------------------------

Setting Version
Setting Version - Done
Updating Changelog
Updating Changelog - Done
Making local Release
Making local Release - Done
Pushing Release to Github

------------------------------------------------
Starting at Sun, Sep 10, 2023 12:04:40 PM
------------------------------------------------

Setting Version
Setting Version - Done
Updating Changelog
Updating Changelog - Done
Making local Release
Making local Release - Done
Pushing Release to Github
Pushing Release to Github - Done
Updating Reapack Repository

------------------------------------------------
Starting at Sun, Sep 10, 2023 12:06:00 PM
------------------------------------------------

Setting Version
Setting Version - Done
Updating Changelog
Updating Changelog - Done
Making local Release
Making local Release - Done
Pushing Release to Github

------------------------------------------------
Starting at Sun, Sep 10, 2023 12:08:14 PM
------------------------------------------------

Setting Version
Setting Version - Done
Updating Changelog
Updating Changelog - Done
Making local Release
Making local Release - Done
Pushing Release to Github

------------------------------------------------
Starting at Sun, Sep 10, 2023 12:09:13 PM
------------------------------------------------

Setting Version
Setting Version - Done
Updating Changelog
Updating Changelog - Done
Making local Release
Making local Release - Done
Pushing Release to Github
Pushing Release to Github - Done

------------------------------------------------
Starting at Sun, Sep 10, 2023 12:10:38 PM
------------------------------------------------

Setting Version
Setting Version - Done
Updating Changelog

------------------------------------------------
Starting at Sun, Sep 10, 2023 12:11:05 PM
------------------------------------------------

Setting Version
Setting Version - Done
Updating Changelog

------------------------------------------------
Starting at Sun, Sep 10, 2023 12:11:24 PM
------------------------------------------------

Setting Version
Setting Version - Done
Updating Changelog
Updating Changelog - Done
Making local Release
Making local Release - Done
Pushing Release to Github
Pushing Release to Github - Done

------------------------------------------------
Starting at Sun, Sep 10, 2023 12:12:44 PM
------------------------------------------------

Setting Version
Setting Version - Done
Updating Changelog
Updating Changelog - Done
Making local Release
Making local Release - Done
Pushing Release to Github
Pushing Release to Github - Done

------------------------------------------------
Starting at Sun, Sep 10, 2023 12:15:53 PM
------------------------------------------------

Setting Version
Setting Version - Done
Updating Changelog
Updating Changelog - Done
Making local Release
Making local Release - Done
Pushing Release to Github

------------------------------------------------
Starting at Sun, Sep 10, 2023 12:24:46 PM
------------------------------------------------

Setting Version
Setting Version - Done
Updating Changelog
Updating Changelog - Done
Making local Release
Making local Release - Done
Pushing Release to Github
Pushing Release to Github - Done

------------------------------------------------
Starting at Sun, Sep 10, 2023 12:27:04 PM
------------------------------------------------

Setting Version
Setting Version - Done
Updating Changelog
Updating Changelog - Done
Making local Release
Making local Release - Done
Pushing Release to Github

------------------------------------------------
Starting at Sun, Sep 10, 2023 12:31:34 PM
------------------------------------------------

Setting Version
Setting Version - Done
Updating Changelog
Updating Changelog - Done
Making local Release
Making local Release - Done
Pushing Release to Github

------------------------------------------------
Starting at Sun, Sep 10, 2023 12:33:03 PM
------------------------------------------------

Setting Version
Setting Version - Done
Updating Changelog
Updating Changelog - Done
Making local Release
Making local Release - Done
Pushing Release to Github
Pushing Release to Github - Done

------------------------------------------------
Starting at Sun, Sep 10, 2023 12:34:38 PM
------------------------------------------------

Setting Version
Setting Version - Done
Updating Changelog
Updating Changelog - Done
Making local Release
Making local Release - Done
Pushing Release to Github
Pushing Release to Github - Done

------------------------------------------------
Starting at Sun, Sep 10, 2023 12:35:59 PM
------------------------------------------------

Setting Version
Setting Version - Done
Updating Changelog
Updating Changelog - Done
Making local Release
Making local Release - Done
Pushing Release to Github
Pushing Release to Github - Done

------------------------------------------------
Starting at Sun, Sep 10, 2023 12:38:20 PM
------------------------------------------------

Setting Version
Setting Version - Done
Updating Changelog
Updating Changelog - Done
Making local Release
Making local Release - Done
Pushing Release to Github
Pushing Release to Github - Done

------------------------------------------------
Starting at Sun, Sep 10, 2023 12:40:44 PM
------------------------------------------------

Setting Version

------------------------------------------------
Starting at Sun, Sep 10, 2023 12:40:54 PM
------------------------------------------------

Setting Version
Setting Version - Done
Updating Changelog
Updating Changelog - Done
Making local Release
Making local Release - Done
Pushing Release to Github

------------------------------------------------
Starting at Sun, Sep 10, 2023 12:43:56 PM
------------------------------------------------

Setting Version
Setting Version - Done
Updating Changelog

------------------------------------------------
Starting at Sun, Sep 10, 2023 12:44:02 PM
------------------------------------------------

Setting Version
Setting Version - Done
Updating Changelog
Updating Changelog - Done
Making local Release
Making local Release - Done
Pushing Release to Github

------------------------------------------------
Starting at Sun, Sep 10, 2023 12:47:44 PM
------------------------------------------------

Setting Version
Setting Version - Done
Updating Changelog
Updating Changelog - Done
Making local Release
Making local Release - Done
Pushing Release to Github

------------------------------------------------
Starting at Sun, Sep 10, 2023 12:52:57 PM
------------------------------------------------

Setting Version
Setting Version - Done
Updating Changelog
Updating Changelog - Done
Making local Release
Making local Release - Done
Pushing Release to Github

------------------------------------------------
Starting at Sun, Sep 10, 2023 12:56:13 PM
------------------------------------------------

Setting Version
Setting Version - Done
Updating Changelog
Updating Changelog - Done

------------------------------------------------
Starting at Sun, Sep 10, 2023 12:56:23 PM
------------------------------------------------

Setting Version
Setting Version - Done
Updating Changelog
Updating Changelog - Done
Making local Release
Making local Release - Done
Pushing Release to Github
Pushing Release to Github - Done

------------------------------------------------
Starting at Sun, Sep 10, 2023 1:02:16 PM
------------------------------------------------

Setting Version
Setting Version - Done
Updating Changelog
Updating Changelog - Done
Making local Release
Making local Release - Done
Pushing Release to Github
Pushing Release to Github - Done
Updating Reapack Repository
Updating Reapack Repository - Done

------------------------------------------------
Starting at Sun Sep 10 13:41:50 WEDT 2023
------------------------------------------------

Setting Version
Setting Version - Done
Updating Changelog
Updating Changelog - Done
Recreation of Assets
Recreation of Assets - Done
Making Theme Files

------------------------------------------------
Starting at Sun, Sep 10, 2023 1:43:33 PM
------------------------------------------------

Setting Version
Setting Version - Done
Updating Changelog
Updating Changelog - Done
Recreation of Assets
Recreation of Assets - Done
Making Theme Files
Making Theme Files - Done
Making local Release
Making local Release - Done
Pushing Release to Github

------------------------------------------------
Starting at Sun, Sep 10, 2023 3:56:43 PM
------------------------------------------------

Setting Version
Setting Version - Done
Updating Changelog
Updating Changelog - Done
Making local Release
Making local Release - Done
Pushing Release to Github
